DELETE_PHONE /storage/C527-1BFB/Music/Classic-Rock&&Popular/Kiss-Rock_And_Roll_All_Nite.mp3
DELETE_PHONE /storage/C527-1BFB/Music/Classic-Rock&&Popular/Camel-Refugee.mp3
DELETE_PHONE /storage/C527-1BFB/Music/Classic-Rock&&Popular/Johnny Cash - I Walk The Line.mp3
DELETE_PHONE /storage/C527-1BFB/Music/Classic-Rock&&Popular/John Mellencamp - Taxi Dancer.mp3
DELETE_PHONE /storage/C527-1BFB/Music/Classic-Rock&&Popular/Mark Knopfler - Coyote.mp3
DELETE_PHONE /storage/C527-1BFB/Music/Classic-Rock&&Popular/Don_Henley-Talking_to_the_Moon.flac
DELETE_PHONE /storage/C527-1BFB/Music/Classic-Rock&&Popular/John Mellencamp - Small Town.mp3
DELETE_PHONE /storage/C527-1BFB/Music/Classic-Rock&&Popular/Mark Knopfler - Cleaning My Gun.mp3
DELETE_PHONE /storage/C527-1BFB/Music/Classic-Rock&&Popular/Bob Dylan - Tin Angel.mp3
DELETE_PHONE /storage/C527-1BFB/Music/Classic-Rock&&Popular/Bob Dylan - I Don't Believe You .mp3
DELETE_PHONE /storage/C527-1BFB/Music/Classic-Rock&&Popular/Eric Clapton Tom Petty - Rock And Roll Records.flac
DELETE_SERVER \\172.30.2.199\prv\MP3Files\Classic-Rock&&Popular\Concrete Blonde - Joey.mp3
DELETE_PHONE /storage/C527-1BFB/Music/Country&Original-Sound/Bob_Dylan-It_Takes_a_Lot_to_Laugh,_It_Takes_a_Train_to_Cry.flac
DELETE_PHONE /storage/C527-1BFB/Music/Country&Original-Sound/Neil Young - Old Man.mp3
DELETE_PHONE /storage/C527-1BFB/Music/Country&Original-Sound/Ed Bruce - Streets of Laredo.mp3
DELETE_PHONE /storage/C527-1BFB/Music/Country&Original-Sound/Don Williams - When I'm With You.mp3
DELETE_PHONE /storage/C527-1BFB/Music/Country&Original-Sound/Don Williams - Listen To The Radio .mp3
DELETE_PHONE /storage/C527-1BFB/Music/Country&Original-Sound/Mark Knopfler - We Can Get Wild.mp3
DELETE_PHONE /storage/C527-1BFB/Music/Country&Original-Sound/Eagles - My Man.mp3
DELETE_PHONE /storage/C527-1BFB/Music/Country&Original-Sound/Beach Boys - Today! (1965) - When I Grow Up (To Be A Man).mp3
DELETE_PHONE /storage/C527-1BFB/Music/Country&Original-Sound/Mark Knopfler - Father And Son .mp3
DELETE_PHONE /storage/C527-1BFB/Music/Country&Original-Sound/Tom Waits - Lonely.mp3
DELETE_PHONE /storage/C527-1BFB/Music/Country&Original-Sound/Lorrie Morgan Keith Whitley - 'Til a Tear Becomes a Rose.mp3
DELETE_PHONE /storage/C527-1BFB/Music/Country&Original-Sound/Tom Waits - Closing Time.mp3
DELETE_PHONE /storage/C527-1BFB/Music/Country&Original-Sound/Leonard Cohen - The Law.mp3
DELETE_PHONE /storage/C527-1BFB/Music/Country&Original-Sound/Willie_Nelson-Cruel_World.flac
DELETE_PHONE /storage/C527-1BFB/Music/Country&Original-Sound/Crosby,_Stills,_Nash__Young-Our_House.mp3
DELETE_PHONE /storage/C527-1BFB/Music/Country&Original-Sound/The Band - Get up Jake.mp3
DELETE_PHONE /storage/C527-1BFB/Music/Country&Original-Sound/Mark Knopfler - Let It All Go.mp3
DELETE_PHONE /storage/C527-1BFB/Music/Country&Original-Sound/Bob_Dylan-Tombstone_Blues.flac
DELETE_PHONE /storage/C527-1BFB/Music/Country&Original-Sound/Bob Dylan - I Shall Be Released.mp3
DELETE_PHONE /storage/C527-1BFB/Music/Country&Original-Sound/Mark Knopfler - The Long Road.mp3
DELETE_PHONE /storage/C527-1BFB/Music/Country&Original-Sound/Don Williams - Love Is On A Roll .mp3
DELETE_PHONE /storage/C527-1BFB/Music/Country&Original-Sound/The_Grease_Band-Mistake_No_Doubt.flac
DELETE_PHONE /storage/C527-1BFB/Music/Country&Original-Sound/Mark Knopfler - Early Bird.mp3
DELETE_PHONE /storage/C527-1BFB/Music/Country&Original-Sound/Mike_Ness-Once_A_Day.mp3
DELETE_PHONE /storage/C527-1BFB/Music/Country&Original-Sound/Nils_Lofgren-Man_In_The_Moon(Live).flac
DELETE_PHONE /storage/C527-1BFB/Music/Country&Original-Sound/Fleetwood Mac - Prove Your Love.mp3
DELETE_PHONE /storage/C527-1BFB/Music/Country&Original-Sound/John Denver - Take Me Home Country Roads.mp3
DELETE_PHONE /storage/C527-1BFB/Music/Country&Original-Sound/Wilson Pickett - In The Midnight Hour.mp3
DELETE_PHONE /storage/C527-1BFB/Music/Country&Original-Sound/Mark Knopfler - The Scaffolder's Wife.mp3
DELETE_PHONE /storage/C527-1BFB/Music/Country&Original-Sound/Concrete Blonde - Joey.mp3
DELETE_PHONE /storage/C527-1BFB/Music/Country&Original-Sound/Mark Knopfler - Imelda.mp3
DELETE_PHONE /storage/C527-1BFB/Music/Country&Original-Sound/Ed Bruce - One.mp3
DELETE_PHONE /storage/C527-1BFB/Music/Country&Original-Sound/Mark Knopfler - Hard Shoulder.mp3
DELETE_PHONE /storage/C527-1BFB/Music/Country&Original-Sound/Ed Bruce - There's a Hand.mp3
DELETE_PHONE /storage/C527-1BFB/Music/Metal&QuickShot/Arch Enemy - Fields Of Desolation.flac
DELETE_PHONE /storage/C527-1BFB/Music/Metal&QuickShot/Arch Enemy - My Shadow and I.flac
DELETE_PHONE /storage/C527-1BFB/Music/Metal&QuickShot/Galneryus - Fate of the sadness.mp3
DELETE_PHONE /storage/C527-1BFB/Music/Metal&QuickShot/Saltatio Mortis,Blind Guardian - Finsterwacht.mp3
DELETE_PHONE /storage/C527-1BFB/Music/Metal&QuickShot/Arch Enemy - Fields Of Desolation '99.flac
DELETE_PHONE /storage/C527-1BFB/Music/Metal&QuickShot/Galneryus - The Voice of Grievous Cry.mp3
DELETE_PHONE /storage/C527-1BFB/Music/Metal&QuickShot/萨满 - Jig.mp3
DELETE_SERVER \\172.30.2.199\prv\MP3Files\Metal&QuickShot\Accept - Seawinds.mp3
DELETE_SERVER \\172.30.2.199\prv\MP3Files\Metal&QuickShot\Arch Enemy - Dehumanization.flac
DELETE_PHONE /storage/C527-1BFB/Music/Punk&Ska/败犬 - Jailhouse blues.flac
DELETE_PHONE /storage/C527-1BFB/Music/Punk&Ska/The Clash - Complete Control.mp3
DELETE_PHONE /storage/C527-1BFB/Music/Punk&Ska/败犬 - Poser rocker (skater).flac
DELETE_PHONE /storage/C527-1BFB/Music/Punk&Ska/Ramones - I Wanna Be Your Boyfriend.mp3
DELETE_PHONE /storage/C527-1BFB/Music/Solo&Instrumental&FingerStyle/景德镇文艺复兴 - 云难终章 下·降.flac
DELETE_PHONE /storage/C527-1BFB/Music/Solo&Instrumental&FingerStyle/Marty Friedman -Night.mp3
DELETE_PHONE /storage/C527-1BFB/Music/Solo&Instrumental&FingerStyle/vinnie moore -  never been to barcelona vinnie moore.mp3
DELETE_PHONE /storage/C527-1BFB/Music/Solo&Instrumental&FingerStyle/Galneryus - A Piece of Souls.mp3
DELETE_PHONE /storage/C527-1BFB/Music/Solo&Instrumental&FingerStyle/Andy Timmons - that was then this is now- carpe diem.mp3
DELETE_PHONE /storage/C527-1BFB/Music/Solo&Instrumental&FingerStyle/Andy Timmons - that was then this is now- super '70s.mp3
DELETE_PHONE /storage/C527-1BFB/Music/Solo&Instrumental&FingerStyle/Jeff Golub -  Gone But Not Forgotten.mp3
DELETE_SERVER \\172.30.2.199\prv\MP3Files\Solo&Instrumental&FingerStyle\Tommy Emmanuel - Artist Spotlight - Guitar Lessons - TrueFire.mp3
